the function pointer is: 0x5aa1aaed0475start
Executing utest for resource module:
Testing resource_mk:
[1m[[1;92m OK [0m[1m][0m  Test disastrOS_resource: mk1: successfully
the function pointer is: 0x5aa1aaed0475start
Executing utest for resource module:
Testing resource_mk:
[1m[[1;92m OK [0m[1m][0m  Test disastrOS_resource: mk2: double make
the function pointer is: 0x5aa1aaed0475start
Executing utest for resource module:
Testing resource_mk:
[1m[[1;92m OK [0m[1m][0m  Test disastrOS_resource: mk3: invalid (negative) or anonymous id
the function pointer is: 0x5aa1aaed0475start
Executing utest for resource module:
Testing resource_mk:
[1m[[1;92m OK [0m[1m][0m  Test disastrOS_resource: mk4: allocating more resource the memory capacity
the function pointer is: 0x5aa1aaed0475start
Executing utest for resource module:
Testing resource_mk:
Test passed 4 of 4
Testing resource_open:
[1m[[1;92m OK [0m[1m][0m  Test disastrOS_resource: open1: successfully
the function pointer is: 0x5aa1aaed0475start
Executing utest for resource module:
Testing resource_mk:
Test passed 4 of 4
Testing resource_open:
[1m[[1;92m OK [0m[1m][0m  Test disastrOS_resource: open2: invalid (negative) or anonymous id
the function pointer is: 0x5aa1aaed0475start
Executing utest for resource module:
Testing resource_mk:
Test passed 4 of 4
Testing resource_open:
[1m[[1;92m OK [0m[1m][0m  Test disastrOS_resource: open3: unsupported flags
the function pointer is: 0x5aa1aaed0475start
Executing utest for resource module:
Testing resource_mk:
Test passed 4 of 4
Testing resource_open:
[1m[[1;92m OK [0m[1m][0m  Test disastrOS_resource: open4: illegal combination of flags
the function pointer is: 0x5aa1aaed0475start
Executing utest for resource module:
Testing resource_mk:
Test passed 4 of 4
Testing resource_open:
[1m[[1;92m OK [0m[1m][0m  Test disastrOS_resource: open5: non-existing resource
the function pointer is: 0x5aa1aaed0475start
Executing utest for resource module:
Testing resource_mk:
Test passed 4 of 4
Testing resource_open:
[1m[[1;92m OK [0m[1m][0m  Test disastrOS_resource: open6: non-existing resource with DSOS_O_CREATE
the function pointer is: 0x5aa1aaed0475start
Executing utest for resource module:
Testing resource_mk:
Test passed 4 of 4
Testing resource_open:
[1m[[1;92m OK [0m[1m][0m  Test disastrOS_resource: open7: existing resource with DSOS_O_CREATE
the function pointer is: 0x5aa1aaed0475start
Executing utest for resource module:
Testing resource_mk:
Test passed 4 of 4
Testing resource_open:
[1m[[1;92m OK [0m[1m][0m  Test disastrOS_resource: open8: non-existing resource with DSOS_O_CREATE and DSOS_O_EXCL
the function pointer is: 0x5aa1aaed0475start
Executing utest for resource module:
Testing resource_mk:
Test passed 4 of 4
Testing resource_open:
[1m[[1;92m OK [0m[1m][0m  Test disastrOS_resource: open9: existing resource with DSOS_O_CREATE and DSOS_O_EXCL
the function pointer is: 0x5aa1aaed0475start
Executing utest for resource module:
Testing resource_mk:
Test passed 4 of 4
Testing resource_open:
[1m[[1;92m OK [0m[1m][0m  Test disastrOS_resource: open10: multiple open on same resource with RDONLY, WRONLY and RDWR
the function pointer is: 0x5aa1aaed0475start
Executing utest for resource module:
Testing resource_mk:
Test passed 4 of 4
Testing resource_open:
[1m[[1;92m OK [0m[1m][0m  Test disastrOS_resource: open11: create (O_CREATE) more resource than memory capacity
the function pointer is: 0x5aa1aaed0475start
Executing utest for resource module:
Testing resource_mk:
Test passed 4 of 4
Testing resource_open:
[1m[[1;92m OK [0m[1m][0m  Test disastrOS_resource: open12: allocating more descriptor in a process than memory capacity
the function pointer is: 0x5aa1aaed0475start
Executing utest for resource module:
Testing resource_mk:
Test passed 4 of 4
Testing resource_open:
[1m[[1;91mFAIL[0m[1m][0m  Test disastrOS_resource: open13: allocation more descriptor_ptr in a process than memory capacity
        -> _descriptor_allocator expected allocation after disastrOS_open - Allocator size assert: expected size 992, got size 960
the function pointer is: 0x5aa1aaed0475start
Executing utest for resource module:
Testing resource_mk:
Test passed 4 of 4
Testing resource_open:
Test passed 12 of 13
Testing resource_unlink:
[1m[[1;92m OK [0m[1m][0m  Test disastrOS_resource: unlink1: unlink not open resource
the function pointer is: 0x5aa1aaed0475start
Executing utest for resource module:
Testing resource_mk:
Test passed 4 of 4
Testing resource_open:
Test passed 12 of 13
Testing resource_unlink:
[1m[[1;92m OK [0m[1m][0m  Test disastrOS_resource: unlink2: unlink open resource
the function pointer is: 0x5aa1aaed0475start
Executing utest for resource module:
Testing resource_mk:
Test passed 4 of 4
Testing resource_open:
Test passed 12 of 13
Testing resource_unlink:
[1m[[1;92m OK [0m[1m][0m  Test disastrOS_resource: unlink3: invalid id (negative) or anonymous id
the function pointer is: 0x5aa1aaed0475start
Executing utest for resource module:
Testing resource_mk:
Test passed 4 of 4
Testing resource_open:
Test passed 12 of 13
Testing resource_unlink:
[1m[[1;92m OK [0m[1m][0m  Test disastrOS_resource: unlink4: non-existing resource
the function pointer is: 0x5aa1aaed0475start
Executing utest for resource module:
Testing resource_mk:
Test passed 4 of 4
Testing resource_open:
Test passed 12 of 13
Testing resource_unlink:
[1m[[1;92m OK [0m[1m][0m  Test disastrOS_resource: unlink5: double unlink
the function pointer is: 0x5aa1aaed0475start
Executing utest for resource module:
Testing resource_mk:
Test passed 4 of 4
Testing resource_open:
Test passed 12 of 13
Testing resource_unlink:
[1m[[1;92m OK [0m[1m][0m  Test disastrOS_resource: unlink6: try to reuse id immediately after unlink
the function pointer is: 0x5aa1aaed0475start
Executing utest for resource module:
Testing resource_mk:
Test passed 4 of 4
Testing resource_open:
Test passed 12 of 13
Testing resource_unlink:
Test passed 6 of 6
Testing resource_close:
[1m[[1;92m OK [0m[1m][0m  Test disastrOS_resource: close1: successfully (not unlinked)
the function pointer is: 0x5aa1aaed0475start
Executing utest for resource module:
Testing resource_mk:
Test passed 4 of 4
Testing resource_open:
Test passed 12 of 13
Testing resource_unlink:
Test passed 6 of 6
Testing resource_close:
[1m[[1;92m OK [0m[1m][0m  Test disastrOS_resource: close2: successfully (unlinked)
the function pointer is: 0x5aa1aaed0475start
Executing utest for resource module:
Testing resource_mk:
Test passed 4 of 4
Testing resource_open:
Test passed 12 of 13
Testing resource_unlink:
Test passed 6 of 6
Testing resource_close:
[1m[[1;92m OK [0m[1m][0m  Test disastrOS_resource: close3: double close file descriptor
the function pointer is: 0x5aa1aaed0475start
Executing utest for resource module:
Testing resource_mk:
Test passed 4 of 4
Testing resource_open:
Test passed 12 of 13
Testing resource_unlink:
Test passed 6 of 6
Testing resource_close:
[1m[[1;92m OK [0m[1m][0m  Test disastrOS_resource: close4: invalid file descriptor (negative and never opened)
the function pointer is: 0x5aa1aaed0475start
Executing utest for resource module:
Testing resource_mk:
Test passed 4 of 4
Testing resource_open:
Test passed 12 of 13
Testing resource_unlink:
Test passed 6 of 6
Testing resource_close:
[1m[[1;92m OK [0m[1m][0m  Test disastrOS_resource: close5: close unlinked resource with multiple open descriptors
the function pointer is: 0x5aa1aaed0475start
Executing utest for resource module:
Testing resource_mk:
Test passed 4 of 4
Testing resource_open:
Test passed 12 of 13
Testing resource_unlink:
Test passed 6 of 6
Testing resource_close:
[1m[[1;92m OK [0m[1m][0m  Test disastrOS_resource: close6: automatic close of descriptor on process exit
the function pointer is: 0x5aa1aaed0475start
Executing utest for resource module:
Testing resource_mk:
Test passed 4 of 4
Testing resource_open:
Test passed 12 of 13
Testing resource_unlink:
Test passed 6 of 6
Testing resource_close:
[1m[[1;92m OK [0m[1m][0m  Test disastrOS_resource: close7: automatic close of descriptor on process exit (with unlinked resource)
the function pointer is: 0x5aa1aaed0475start
Executing utest for resource module:
Testing resource_mk:
Test passed 4 of 4
Testing resource_open:
Test passed 12 of 13
Testing resource_unlink:
Test passed 6 of 6
Testing resource_close:
Test passed 7 of 7
Testing resource_read:
[1m[[1;92m OK [0m[1m][0m  Test disastrOS_resource: read1: invalid file descriptor
the function pointer is: 0x5aa1aaed0475start
Executing utest for resource module:
Testing resource_mk:
Test passed 4 of 4
Testing resource_open:
Test passed 12 of 13
Testing resource_unlink:
Test passed 6 of 6
Testing resource_close:
Test passed 7 of 7
Testing resource_read:
[1m[[1;92m OK [0m[1m][0m  Test disastrOS_resource: read2: buffer or count invalid
the function pointer is: 0x5aa1aaed0475start
Executing utest for resource module:
Testing resource_mk:
Test passed 4 of 4
Testing resource_open:
Test passed 12 of 13
Testing resource_unlink:
Test passed 6 of 6
Testing resource_close:
Test passed 7 of 7
Testing resource_read:
[1m[[1;92m OK [0m[1m][0m  Test disastrOS_resource: read3: read operation not supported
the function pointer is: 0x5aa1aaed0475start
Executing utest for resource module:
Testing resource_mk:
Test passed 4 of 4
Testing resource_open:
Test passed 12 of 13
Testing resource_unlink:
Test passed 6 of 6
Testing resource_close:
Test passed 7 of 7
Testing resource_read:
[1m[[1;92m OK [0m[1m][0m  Test disastrOS_resource: read4: access mode
the function pointer is: 0x5aa1aaed0475start
Executing utest for resource module:
Testing resource_mk:
Test passed 4 of 4
Testing resource_open:
Test passed 12 of 13
Testing resource_unlink:
Test passed 6 of 6
Testing resource_close:
Test passed 7 of 7
Testing resource_read:
[1m[[1;92m OK [0m[1m][0m  Test disastrOS_resource: read5: test read operation
the function pointer is: 0x5aa1aaed0475start
Executing utest for resource module:
Testing resource_mk:
Test passed 4 of 4
Testing resource_open:
Test passed 12 of 13
Testing resource_unlink:
Test passed 6 of 6
Testing resource_close:
Test passed 7 of 7
Testing resource_read:
Test passed 5 of 5
Testing resource_write:
[1m[[1;92m OK [0m[1m][0m  Test disastrOS_resource: write1: invalid file descriptor
the function pointer is: 0x5aa1aaed0475start
Executing utest for resource module:
Testing resource_mk:
Test passed 4 of 4
Testing resource_open:
Test passed 12 of 13
Testing resource_unlink:
Test passed 6 of 6
Testing resource_close:
Test passed 7 of 7
Testing resource_read:
Test passed 5 of 5
Testing resource_write:
[1m[[1;92m OK [0m[1m][0m  Test disastrOS_resource: write2: buffer or count invalid
the function pointer is: 0x5aa1aaed0475start
Executing utest for resource module:
Testing resource_mk:
Test passed 4 of 4
Testing resource_open:
Test passed 12 of 13
Testing resource_unlink:
Test passed 6 of 6
Testing resource_close:
Test passed 7 of 7
Testing resource_read:
Test passed 5 of 5
Testing resource_write:
[1m[[1;92m OK [0m[1m][0m  Test disastrOS_resource: write3: write operation not supported
the function pointer is: 0x5aa1aaed0475start
Executing utest for resource module:
Testing resource_mk:
Test passed 4 of 4
Testing resource_open:
Test passed 12 of 13
Testing resource_unlink:
Test passed 6 of 6
Testing resource_close:
Test passed 7 of 7
Testing resource_read:
Test passed 5 of 5
Testing resource_write:
[1m[[1;92m OK [0m[1m][0m  Test disastrOS_resource: write4: access mode
the function pointer is: 0x5aa1aaed0475start
Executing utest for resource module:
Testing resource_mk:
Test passed 4 of 4
Testing resource_open:
Test passed 12 of 13
Testing resource_unlink:
Test passed 6 of 6
Testing resource_close:
Test passed 7 of 7
Testing resource_read:
Test passed 5 of 5
Testing resource_write:
[1m[[1;92m OK [0m[1m][0m  Test disastrOS_resource: write5: test write operation
